[29/1/2025 12:48:55] Processing rule: SCHEN of EN-US Content Unpublish [TEST]
[29/1/2025 12:49:02] Rule imported successfully: SCHEN of EN-US Content Unpublish [TEST]
[29/1/2025 12:49:02] Processing rule: SCHEN of EN-US Content Indexing [TEST]
[29/1/2025 12:49:10] Rule imported successfully: SCHEN of EN-US Content Indexing [TEST]
[29/1/2025 12:49:10] Processing rule: EN-US Content Unpublish [STG]
[29/1/2025 12:49:17] Rule imported successfully: EN-US Content Unpublish [STG]
[29/1/2025 12:49:17] Processing rule: EN-EU Content Unpublish [PROD]
[29/1/2025 12:49:25] Rule imported successfully: EN-EU Content Unpublish [PROD]
[29/1/2025 12:49:25] Processing rule: EN-CA Content Unpublish [PROD]
[29/1/2025 12:49:32] Rule imported successfully: EN-CA Content Unpublish [PROD]
[29/1/2025 12:49:32] Processing rule: ES-LA Content Unpublish [PROD]
[29/1/2025 12:49:39] Rule imported successfully: ES-LA Content Unpublish [PROD]
[29/1/2025 12:49:39] Processing rule: EN-US Content Unpublish [PROD]
[29/1/2025 12:49:46] Rule imported successfully: EN-US Content Unpublish [PROD]
[29/1/2025 12:49:46] Processing rule: NL-BE Content Unpublish [TEST]
[29/1/2025 12:49:53] Rule imported successfully: NL-BE Content Unpublish [TEST]
[29/1/2025 12:49:53] Processing rule: NL-BE Content Unpublish [STG]
[29/1/2025 12:50:01] Rule imported successfully: NL-BE Content Unpublish [STG]
[29/1/2025 12:50:01] Processing rule: EN-GB Content Unpublish [PROD]
[29/1/2025 12:50:08] Rule imported successfully: EN-GB Content Unpublish [PROD]
[29/1/2025 12:50:08] Processing rule: EN-ND Content Unpublish [PROD]
[29/1/2025 12:50:15] Rule imported successfully: EN-ND Content Unpublish [PROD]
[29/1/2025 12:50:15] Processing rule: EN-AP Content Unpublish [PROD]
[29/1/2025 12:50:22] Rule imported successfully: EN-AP Content Unpublish [PROD]
[29/1/2025 12:50:22] Processing rule: NL-NL Content Unpublish [PROD]
[29/1/2025 12:50:30] Rule imported successfully: NL-NL Content Unpublish [PROD]
[29/1/2025 12:50:30] Processing rule: FR-FR Content Unpublish [PROD]
[29/1/2025 12:50:37] Rule imported successfully: FR-FR Content Unpublish [PROD]
[29/1/2025 12:50:37] Processing rule: EN-CE Content Unpublish [PROD]
[29/1/2025 12:50:44] Rule imported successfully: EN-CE Content Unpublish [PROD]
[29/1/2025 12:50:44] Processing rule: NL-BE Content Unpublish [PROD]
[29/1/2025 12:50:51] Rule imported successfully: NL-BE Content Unpublish [PROD]
[29/1/2025 12:50:51] Processing rule: ES-ES Content Unpublish [TEST]
[29/1/2025 12:50:59] Rule imported successfully: ES-ES Content Unpublish [TEST]
[29/1/2025 12:50:59] Processing rule: DE-DE Content Unpublish [PROD]
[29/1/2025 12:51:06] Rule imported successfully: DE-DE Content Unpublish [PROD]
[29/1/2025 12:51:06] Processing rule: ES-ES Content Unpublish [PROD]
[29/1/2025 12:51:14] Rule imported successfully: ES-ES Content Unpublish [PROD]
[29/1/2025 12:51:14] Processing rule: PL-PL Content Unpublish [PROD]
[29/1/2025 12:51:21] Rule imported successfully: PL-PL Content Unpublish [PROD]
[29/1/2025 12:51:21] Processing rule: PT-PT Content Unpublish [PROD]
[29/1/2025 12:51:29] Rule imported successfully: PT-PT Content Unpublish [PROD]
[29/1/2025 12:51:29] Processing rule: HU-HU Content Unpublish [PROD]
[29/1/2025 12:51:36] Rule imported successfully: HU-HU Content Unpublish [PROD]
[29/1/2025 12:51:36] Processing rule: FR-BE Content Unpublish [PROD]
[29/1/2025 12:51:43] Rule imported successfully: FR-BE Content Unpublish [PROD]
[29/1/2025 12:51:43] Processing rule: FR-CA Content Unpublish [PROD]
[29/1/2025 12:51:50] Rule imported successfully: FR-CA Content Unpublish [PROD]
[29/1/2025 12:51:50] Processing rule: EN-US Content Indexing [PROD]
[29/1/2025 12:51:58] Rule imported successfully: EN-US Content Indexing [PROD]
[29/1/2025 12:51:58] Processing rule: EN-US Content Indexing [STG]
[29/1/2025 12:52:05] Rule imported successfully: EN-US Content Indexing [STG]
[29/1/2025 12:52:05] Processing rule: EN-CA Content Indexing [PROD]
[29/1/2025 12:52:12] Rule imported successfully: EN-CA Content Indexing [PROD]
[29/1/2025 12:52:12] Processing rule: ES-LA Content Indexing [PROD]
[29/1/2025 12:52:19] Rule imported successfully: ES-LA Content Indexing [PROD]
[29/1/2025 12:52:19] Processing rule: EN-EU Content Indexing [PROD]
[29/1/2025 12:52:26] Rule imported successfully: EN-EU Content Indexing [PROD]
[29/1/2025 12:52:26] Processing rule: EN-CE Content Indexing [STG]
[29/1/2025 12:52:34] Rule imported successfully: EN-CE Content Indexing [STG]
[29/1/2025 12:52:34] Processing rule: NL-BE Content Indexing [STG]
[29/1/2025 12:52:41] Rule imported successfully: NL-BE Content Indexing [STG]
[29/1/2025 12:52:41] Processing rule: EN-GB Content Indexing [PROD]
[29/1/2025 12:52:48] Rule imported successfully: EN-GB Content Indexing [PROD]
[29/1/2025 12:52:48] Processing rule: EN-ND Content Indexing [PROD]
[29/1/2025 12:56:38] Rule imported successfully: EN-ND Content Indexing [PROD]
[29/1/2025 12:56:38] Processing rule: EN-AP Content Indexing [PROD]
[29/1/2025 12:56:46] Rule imported successfully: EN-AP Content Indexing [PROD]
[29/1/2025 12:56:46] Processing rule: NL-NL Content Indexing [PROD]
[29/1/2025 12:56:54] Rule imported successfully: NL-NL Content Indexing [PROD]
[29/1/2025 12:56:54] Processing rule: FR-FR Content Indexing [PROD]
[29/1/2025 12:57:01] Rule imported successfully: FR-FR Content Indexing [PROD]
[29/1/2025 12:57:01] Processing rule: EN-CE Content Indexing [PROD]
[29/1/2025 12:57:09] Rule imported successfully: EN-CE Content Indexing [PROD]
[29/1/2025 12:57:09] Processing rule: NL-BE Content Indexing [PROD]
[29/1/2025 12:57:17] Rule imported successfully: NL-BE Content Indexing [PROD]
[29/1/2025 12:57:17] Processing rule: ES-ES Content Indexing [TEST]
[29/1/2025 12:57:24] Rule imported successfully: ES-ES Content Indexing [TEST]
[29/1/2025 12:57:24] Processing rule: DE-DE Content Indexing [PROD]
[29/1/2025 12:57:32] Rule imported successfully: DE-DE Content Indexing [PROD]
[29/1/2025 12:57:32] Processing rule: ES-ES Content Indexing [PROD]
[29/1/2025 12:57:39] Rule imported successfully: ES-ES Content Indexing [PROD]
[29/1/2025 12:57:39] Processing rule: PL-PL Content Indexing [PROD]
[29/1/2025 12:57:47] Rule imported successfully: PL-PL Content Indexing [PROD]
[29/1/2025 12:57:47] Processing rule: PT-PT Content Indexing [PROD]
[29/1/2025 12:57:55] Rule imported successfully: PT-PT Content Indexing [PROD]
[29/1/2025 12:57:55] Processing rule: HU-HU Content Indexing [PROD]
[29/1/2025 12:58:02] Rule imported successfully: HU-HU Content Indexing [PROD]
[29/1/2025 12:58:02] Processing rule: FR-BE Content Indexing [PROD]
[29/1/2025 12:58:10] Rule imported successfully: FR-BE Content Indexing [PROD]
[29/1/2025 12:58:10] Processing rule: FR-CA Content Indexing [PROD]
[29/1/2025 12:58:17] Rule imported successfully: FR-CA Content Indexing [PROD]
[29/1/2025 12:58:17] Processed rules saved successfully to: /Users/shobhit.upadhyay/Automation/Migration Data - Wed Jan 29 2025 12:48:39/Import/rules-Algolia_indexing_process_.json
[29/1/2025 12:58:18] Processing rule: EN-CE FAQ Unpublish [TEST]
[29/1/2025 12:58:23] Rule imported successfully: EN-CE FAQ Unpublish [TEST]
[29/1/2025 12:58:23] Processing rule: NL-BE FAQ Indexing [TEST]
[29/1/2025 12:58:29] Rule imported successfully: NL-BE FAQ Indexing [TEST]
[29/1/2025 12:58:29] Processing rule: NL-BE FAQ Unpublish [TEST]
[29/1/2025 12:58:35] Rule imported successfully: NL-BE FAQ Unpublish [TEST]
[29/1/2025 12:58:35] Processing rule: BACKUP EN-CA FAQ Indexing [PROD]
[29/1/2025 12:58:40] Rule imported successfully: BACKUP EN-CA FAQ Indexing [PROD]
[29/1/2025 12:58:40] Processing rule: EN-CA FAQ Indexing [PROD]
[29/1/2025 12:58:46] Rule imported successfully: EN-CA FAQ Indexing [PROD]
[29/1/2025 12:58:46] Processing rule: EN-CA FAQ Unpublish [PROD]
[29/1/2025 12:58:51] Rule imported successfully: EN-CA FAQ Unpublish [PROD]
[29/1/2025 12:58:51] Processing rule: EN-EU FAQ Indexing [PROD]
[29/1/2025 12:58:57] Rule imported successfully: EN-EU FAQ Indexing [PROD]
[29/1/2025 12:58:57] Processing rule: EN-EU FAQ Unpublish [PROD]
[29/1/2025 12:59:02] Rule imported successfully: EN-EU FAQ Unpublish [PROD]
[29/1/2025 12:59:02] Processing rule: ES-LA FAQ Indexing [PROD]
[29/1/2025 12:59:07] Rule imported successfully: ES-LA FAQ Indexing [PROD]
[29/1/2025 12:59:07] Processing rule: ES-LA FAQ Unpublish [PROD]
[29/1/2025 12:59:13] Rule imported successfully: ES-LA FAQ Unpublish [PROD]
[29/1/2025 12:59:13] Processing rule: EN-GB FAQ Indexing [PROD]
[29/1/2025 12:59:18] Rule imported successfully: EN-GB FAQ Indexing [PROD]
[29/1/2025 12:59:18] Processing rule: EN-GB FAQ Unpublish [PROD]
[29/1/2025 12:59:24] Rule imported successfully: EN-GB FAQ Unpublish [PROD]
[29/1/2025 12:59:24] Processing rule: NL-NL FAQ Indexing [PROD]
[29/1/2025 12:59:30] Rule imported successfully: NL-NL FAQ Indexing [PROD]
[29/1/2025 12:59:30] Processing rule: NL-NL FAQ Unpublish [PROD]
[29/1/2025 12:59:36] Rule imported successfully: NL-NL FAQ Unpublish [PROD]
[29/1/2025 12:59:36] Processing rule: EN-ND FAQ Indexing [PROD]
[29/1/2025 12:59:41] Rule imported successfully: EN-ND FAQ Indexing [PROD]
[29/1/2025 12:59:41] Processing rule: EN-ND FAQ Unpublish [PROD]
[29/1/2025 12:59:47] Rule imported successfully: EN-ND FAQ Unpublish [PROD]
[29/1/2025 12:59:47] Processing rule: EN-CE FAQ Indexing [PROD]
[29/1/2025 12:59:52] Rule imported successfully: EN-CE FAQ Indexing [PROD]
[29/1/2025 12:59:52] Processing rule: EN-CE FAQ Unpublish [PROD]
[29/1/2025 12:59:58] Rule imported successfully: EN-CE FAQ Unpublish [PROD]
[29/1/2025 12:59:58] Processing rule: EN-AP FAQ Indexing [PROD]
[29/1/2025 13:00:03] Rule imported successfully: EN-AP FAQ Indexing [PROD]
[29/1/2025 13:00:03] Processing rule: EN-AP FAQ Unpublish [PROD]
[29/1/2025 13:00:09] Rule imported successfully: EN-AP FAQ Unpublish [PROD]
[29/1/2025 13:00:09] Processing rule: NL-BE FAQ Indexing [PROD]
[29/1/2025 13:00:14] Rule imported successfully: NL-BE FAQ Indexing [PROD]
[29/1/2025 13:00:14] Processing rule: NL-BE FAQ Unpublish [PROD]
[29/1/2025 13:00:21] Rule imported successfully: NL-BE FAQ Unpublish [PROD]
[29/1/2025 13:00:21] Processing rule: FR-FR FAQ Indexing [PROD]
[29/1/2025 13:00:27] Rule imported successfully: FR-FR FAQ Indexing [PROD]
[29/1/2025 13:00:27] Processing rule: FR-FR FAQ Unpublish [PROD]
[29/1/2025 13:00:33] Rule imported successfully: FR-FR FAQ Unpublish [PROD]
[29/1/2025 13:00:33] Processing rule: EN-US FAQ Indexing [TEST]
[29/1/2025 13:00:39] Rule imported successfully: EN-US FAQ Indexing [TEST]
[29/1/2025 13:00:39] Processing rule: EN-US FAQ Unpublish [TEST]
[29/1/2025 13:00:45] Rule imported successfully: EN-US FAQ Unpublish [TEST]
[29/1/2025 13:00:45] Processing rule: DE-DE FAQ Indexing [PROD]
[29/1/2025 13:00:50] Rule imported successfully: DE-DE FAQ Indexing [PROD]
[29/1/2025 13:00:50] Processing rule: DE-DE FAQ Unpublish [PROD]
[29/1/2025 13:00:56] Rule imported successfully: DE-DE FAQ Unpublish [PROD]
[29/1/2025 13:00:56] Processing rule: ES-ES FAQ Indexing [PROD]
[29/1/2025 13:01:02] Rule imported successfully: ES-ES FAQ Indexing [PROD]
[29/1/2025 13:01:02] Processing rule: ES-ES FAQ Unpublish [PROD]
[29/1/2025 13:01:07] Rule imported successfully: ES-ES FAQ Unpublish [PROD]
[29/1/2025 13:01:07] Processing rule: PL-PL FAQ Indexing [PROD]
[29/1/2025 13:01:12] Rule imported successfully: PL-PL FAQ Indexing [PROD]
[29/1/2025 13:01:12] Processing rule: PL-PL FAQ Unpublish [PROD]
[29/1/2025 13:01:19] Rule imported successfully: PL-PL FAQ Unpublish [PROD]
[29/1/2025 13:01:19] Processing rule: PT-PT FAQ Indexing [PROD]
[29/1/2025 13:01:24] Rule imported successfully: PT-PT FAQ Indexing [PROD]
[29/1/2025 13:01:24] Processing rule: PT-PT FAQ Unpublish [PROD]
[29/1/2025 13:01:29] Rule imported successfully: PT-PT FAQ Unpublish [PROD]
[29/1/2025 13:01:29] Processing rule: HU-HU FAQ Indexing [PROD]
[29/1/2025 13:01:35] Rule imported successfully: HU-HU FAQ Indexing [PROD]
[29/1/2025 13:01:35] Processing rule: HU-HU FAQ Unpublish [PROD]
[29/1/2025 13:01:41] Rule imported successfully: HU-HU FAQ Unpublish [PROD]
[29/1/2025 13:01:41] Processing rule: FR-BE FAQ Unpublish [PROD]
[29/1/2025 13:01:46] Rule imported successfully: FR-BE FAQ Unpublish [PROD]
[29/1/2025 13:01:46] Processing rule: FR-BE FAQ Indexing [PROD]
[29/1/2025 13:01:51] Rule imported successfully: FR-BE FAQ Indexing [PROD]
[29/1/2025 13:01:51] Processing rule: FR-CA FAQ Unpublish [PROD]
[29/1/2025 13:01:57] Rule imported successfully: FR-CA FAQ Unpublish [PROD]
[29/1/2025 13:01:57] Processing rule: FR-CA FAQ Indexing [PROD]
[29/1/2025 13:02:02] Rule imported successfully: FR-CA FAQ Indexing [PROD]
[29/1/2025 13:02:02] Processing rule: EN-US FAQ Indexing [PROD]
[29/1/2025 13:02:08] Rule imported successfully: EN-US FAQ Indexing [PROD]
[29/1/2025 13:02:08] Processing rule: EN-US FAQ Unpublish [PROD]
[29/1/2025 13:02:13] Rule imported successfully: EN-US FAQ Unpublish [PROD]
[29/1/2025 13:02:13] Processed rules saved successfully to: /Users/shobhit.upadhyay/Automation/Migration Data - Wed Jan 29 2025 12:48:39/Import/rules-FAQs.json
[29/1/2025 13:02:13] Processing rule: SCHEN of EN-US Content Indexing [TEST]
[29/1/2025 13:02:21] Rule imported successfully: SCHEN of EN-US Content Indexing [TEST]
[29/1/2025 13:02:21] Processed rules saved successfully to: /Users/shobhit.upadhyay/Automation/Migration Data - Wed Jan 29 2025 12:48:39/Import/rules-SCHEN_Algolia_Automation.json
[29/1/2025 13:02:21] Processing rule: us-content-indexing
[29/1/2025 13:02:26] Failed to import rule: us-content-indexing - {"statusCode":400,"error":"Rule path is not configured","code":1600,"id":"dc52697f-7fe3-495c-8e2e-766fcb06767d"}
[29/1/2025 13:02:26] Processed rules saved successfully to: /Users/shobhit.upadhyay/Automation/Migration Data - Wed Jan 29 2025 12:48:39/Import/rules-Website_Migration.json
